robust growth trigger (held-out slope + patience=2) vs fixed, kmax=7, budget=8000, N=8
    used=1000 L=2 heldout=0.365 sat=False head=True -> train
    used=2000 L=2 heldout=0.349 sat=False head=True -> train
    used=3000 L=2 heldout=0.353 sat=True head=True -> GROW
    used=4000 L=4 heldout=0.375 sat=False head=True -> train
    used=5000 L=4 heldout=0.448 sat=False head=True -> train
    used=6000 L=4 heldout=0.519 sat=False head=True -> train
    used=7000 L=4 heldout=0.723 sat=False head=True -> train
    used=8000 L=4 heldout=0.940 sat=False head=False -> train
  seed 0: controller L=4 acc=0.929 (1 grows) | fixed L2 0.938  L4 0.350  L8 0.371
    used=1000 L=2 heldout=0.345 sat=False head=True -> train
    used=2000 L=2 heldout=0.350 sat=False head=True -> train
    used=3000 L=2 heldout=0.350 sat=True head=True -> GROW
    used=4000 L=4 heldout=0.417 sat=False head=True -> train
    used=5000 L=4 heldout=0.551 sat=False head=True -> train
    used=6000 L=4 heldout=0.780 sat=False head=True -> train
    used=7000 L=4 heldout=0.909 sat=False head=False -> train
    used=8000 L=4 heldout=0.977 sat=False head=False -> train
  seed 1: controller L=4 acc=0.979 (1 grows) | fixed L2 0.398  L4 0.998  L8 0.542
    used=1000 L=2 heldout=0.295 sat=False head=True -> train
    used=2000 L=2 heldout=0.312 sat=False head=True -> train
    used=3000 L=2 heldout=0.347 sat=False head=True -> train
    used=4000 L=2 heldout=0.330 sat=True head=True -> GROW
    used=5000 L=4 heldout=0.335 sat=True head=True -> train
    used=6000 L=4 heldout=0.342 sat=True head=True -> train
    used=7000 L=4 heldout=0.346 sat=True head=True -> train
    used=8000 L=4 heldout=0.360 sat=True head=True -> train
  seed 2: controller L=4 acc=0.368 (1 grows) | fixed L2 0.363  L4 0.354  L8 0.434
    used=1000 L=2 heldout=0.342 sat=False head=True -> train
    used=2000 L=2 heldout=0.359 sat=False head=True -> train
    used=3000 L=2 heldout=0.388 sat=False head=True -> train
    used=4000 L=2 heldout=0.420 sat=False head=True -> train
    used=5000 L=2 heldout=0.416 sat=False head=True -> train
    used=6000 L=2 heldout=0.432 sat=True head=True -> GROW
    used=7000 L=4 heldout=0.580 sat=False head=True -> train
    used=8000 L=4 heldout=0.636 sat=False head=True -> train
  seed 3: controller L=4 acc=0.646 (1 grows) | fixed L2 0.970  L4 0.555  L8 0.456
    used=1000 L=2 heldout=0.346 sat=False head=True -> train
    used=2000 L=2 heldout=0.362 sat=False head=True -> train
    used=3000 L=2 heldout=0.354 sat=True head=True -> GROW
    used=4000 L=4 heldout=0.418 sat=False head=True -> train
    used=5000 L=4 heldout=0.451 sat=False head=True -> train
    used=6000 L=4 heldout=0.523 sat=False head=True -> train
    used=7000 L=4 heldout=0.548 sat=False head=True -> train
    used=8000 L=4 heldout=0.508 sat=True head=True -> train
  seed 4: controller L=4 acc=0.532 (1 grows) | fixed L2 0.369  L4 0.362  L8 0.450
    used=1000 L=2 heldout=0.350 sat=False head=True -> train
    used=2000 L=2 heldout=0.412 sat=False head=True -> train
    used=3000 L=2 heldout=0.500 sat=False head=True -> train
    used=4000 L=2 heldout=0.502 sat=False head=True -> train
    used=5000 L=2 heldout=0.547 sat=False head=True -> train
    used=6000 L=2 heldout=0.577 sat=False head=True -> train
    used=7000 L=2 heldout=0.618 sat=False head=True -> train
    used=8000 L=2 heldout=0.632 sat=False head=True -> train
  seed 5: controller L=2 acc=0.617 (0 grows) | fixed L2 0.528  L4 0.351  L8 0.452
    used=1000 L=2 heldout=0.363 sat=False head=True -> train
    used=2000 L=2 heldout=0.361 sat=False head=True -> train
    used=3000 L=2 heldout=0.352 sat=True head=True -> GROW
    used=4000 L=4 heldout=0.362 sat=True head=True -> train
    used=5000 L=4 heldout=0.382 sat=False head=True -> train
    used=6000 L=4 heldout=0.351 sat=True head=True -> train
    used=7000 L=4 heldout=0.361 sat=True head=True -> train
    used=8000 L=4 heldout=0.389 sat=False head=True -> train
  seed 6: controller L=4 acc=0.405 (1 grows) | fixed L2 0.357  L4 0.354  L8 0.751
    used=1000 L=2 heldout=0.353 sat=False head=True -> train
    used=2000 L=2 heldout=0.360 sat=False head=True -> train
    used=3000 L=2 heldout=0.409 sat=False head=True -> train
    used=4000 L=2 heldout=0.457 sat=False head=True -> train
    used=5000 L=2 heldout=0.455 sat=False head=True -> train
    used=6000 L=2 heldout=0.708 sat=False head=True -> train
    used=7000 L=2 heldout=0.770 sat=False head=True -> train
    used=8000 L=2 heldout=0.942 sat=False head=False -> train
  seed 7: controller L=2 acc=0.934 (0 grows) | fixed L2 0.977  L4 0.477  L8 0.382

== mean over 8 seeds ==
  controller 0.676 (final depth [4, 4, 4, 4, 4, 2, 4, 2], grows [1, 1, 1, 1, 1, 0, 1, 0]) | fixed L2 0.613  L4 0.475  L8 0.480
  robust trigger should land near L4's accuracy, beat fixed-L2, and NOT
  waste budget over-growing to L8 like the naive loss-delta trigger did.
